// Jest Snapshot v1, https://goo.gl/fbAQLP

exports[`Button component Matches the snapshot 1`] = `
<div
  className="hello-world"
>
  <h1>
    Hello World
  </h1>
  <p>
    Welcome to my world
  </p>
</div>
`;
